../Middlewares/Third_Party/LVGL/lvgl/src/misc/lv_color.h:592:26:lv_color_make	16	static
../Middlewares/Third_Party/LVGL/lvgl/src/misc/lv_color.h:693:26:lv_color_white	8	static
../Middlewares/Third_Party/LVGL/lvgl/src/misc/lv_color.h:697:26:lv_color_black	8	static
../Middlewares/Third_Party/LVGL/lvgl/src/misc/lv_style.h:395:24:lv_style_get_prop_inlined	48	static
../Middlewares/Third_Party/LVGL/lvgl/src/misc/lv_style.c:40:6:lv_style_init	16	static
../Middlewares/Third_Party/LVGL/lvgl/src/misc/lv_style.c:54:6:lv_style_reset	16	static
../Middlewares/Third_Party/LVGL/lvgl/src/misc/lv_style.c:70:17:lv_style_register_prop	4	static
../Middlewares/Third_Party/LVGL/lvgl/src/misc/lv_style.c:77:6:lv_style_remove_prop	56	static
../Middlewares/Third_Party/LVGL/lvgl/src/misc/lv_style.c:138:6:lv_style_set_prop	80	static
../Middlewares/Third_Party/LVGL/lvgl/src/misc/lv_style.c:211:10:lv_style_get_prop	24	static
../Middlewares/Third_Party/LVGL/lvgl/src/misc/lv_style.c:216:6:lv_style_transition_dsc_init	24	static
../Middlewares/Third_Party/LVGL/lvgl/src/misc/lv_style.c:231:18:lv_style_prop_get_default	24	static
../Middlewares/Third_Party/LVGL/lvgl/src/misc/lv_style.c:284:6:lv_style_is_empty	16	static
../Middlewares/Third_Party/LVGL/lvgl/src/misc/lv_style.c:291:9:_lv_style_get_prop_group	24	static
