../Middlewares/Third_Party/LVGL/lvgl/src/draw/sw/../../misc/lv_color.h:443:48:lv_color_mix	32	static
../Middlewares/Third_Party/LVGL/lvgl/src/draw/sw/../../misc/lv_color.h:472:42:lv_color_premult	16	static
../Middlewares/Third_Party/LVGL/lvgl/src/draw/sw/../../misc/lv_color.h:497:48:lv_color_mix_premult	24	static
../Middlewares/Third_Party/LVGL/lvgl/src/draw/sw/../../misc/lv_color.h:592:26:lv_color_make	16	static
../Middlewares/Third_Party/LVGL/lvgl/src/draw/sw/../../misc/lv_color.h:697:26:lv_color_black	8	static
../Middlewares/Third_Party/LVGL/lvgl/src/draw/sw/../../misc/lv_area.h:123:26:lv_area_get_width	16	static
../Middlewares/Third_Party/LVGL/lvgl/src/draw/sw/../../misc/lv_area.h:133:26:lv_area_get_height	16	static
../Middlewares/Third_Party/LVGL/lvgl/src/draw/sw/lv_draw_sw_blend.c:95:6:lv_draw_sw_blend	24	static
../Middlewares/Third_Party/LVGL/lvgl/src/draw/sw/lv_draw_sw_blend.c:108:28:lv_draw_sw_blend_basic	80	static
../Middlewares/Third_Party/LVGL/lvgl/src/draw/sw/lv_draw_sw_blend.c:184:13:fill_set_px	80	static
../Middlewares/Third_Party/LVGL/lvgl/src/draw/sw/lv_draw_sw_blend.c:215:35:fill_normal	96	static
../Middlewares/Third_Party/LVGL/lvgl/src/draw/sw/lv_draw_sw_blend.c:364:13:fill_blended	64	static
../Middlewares/Third_Party/LVGL/lvgl/src/draw/sw/lv_draw_sw_blend.c:435:13:map_set_px	80	static
../Middlewares/Third_Party/LVGL/lvgl/src/draw/sw/lv_draw_sw_blend.c:470:35:map_normal	64	static
../Middlewares/Third_Party/LVGL/lvgl/src/draw/sw/lv_draw_sw_blend.c:600:13:map_blended	56	static
../Middlewares/Third_Party/LVGL/lvgl/src/draw/sw/lv_draw_sw_blend.c:654:26:color_blend_true_color_additive	24	static
../Middlewares/Third_Party/LVGL/lvgl/src/draw/sw/lv_draw_sw_blend.c:707:26:color_blend_true_color_subtractive	24	static
../Middlewares/Third_Party/LVGL/lvgl/src/draw/sw/lv_draw_sw_blend.c:733:26:color_blend_true_color_multiply	16	static
