../Middlewares/Third_Party/LVGL/lvgl/src/extra/widgets/led/../../../../src/hal/../draw/../misc/lv_color.h:379:24:lv_color_to32	24	static
../Middlewares/Third_Party/LVGL/lvgl/src/extra/widgets/led/../../../../src/hal/../draw/../misc/lv_color.h:443:48:lv_color_mix	32	static
../Middlewares/Third_Party/LVGL/lvgl/src/extra/widgets/led/../../../../src/hal/../draw/../misc/lv_color.h:584:23:lv_color_brightness	24	static
../Middlewares/Third_Party/LVGL/lvgl/src/extra/widgets/led/../../../../src/hal/../draw/../misc/lv_color.h:592:26:lv_color_make	16	static
../Middlewares/Third_Party/LVGL/lvgl/src/extra/widgets/led/../../../../src/hal/../draw/../misc/lv_color.h:697:26:lv_color_black	8	static
../Middlewares/Third_Party/LVGL/lvgl/src/extra/widgets/led/lv_led.c:54:12:lv_led_create	24	static
../Middlewares/Third_Party/LVGL/lvgl/src/extra/widgets/led/lv_led.c:71:6:lv_led_set_color	24	static
../Middlewares/Third_Party/LVGL/lvgl/src/extra/widgets/led/lv_led.c:85:6:lv_led_set_brightness	24	static
../Middlewares/Third_Party/LVGL/lvgl/src/extra/widgets/led/lv_led.c:102:6:lv_led_on	16	static
../Middlewares/Third_Party/LVGL/lvgl/src/extra/widgets/led/lv_led.c:111:6:lv_led_off	16	static
../Middlewares/Third_Party/LVGL/lvgl/src/extra/widgets/led/lv_led.c:120:6:lv_led_toggle	24	static
../Middlewares/Third_Party/LVGL/lvgl/src/extra/widgets/led/lv_led.c:138:9:lv_led_get_brightness	24	static
../Middlewares/Third_Party/LVGL/lvgl/src/extra/widgets/led/lv_led.c:150:13:lv_led_constructor	32	static
../Middlewares/Third_Party/LVGL/lvgl/src/extra/widgets/led/lv_led.c:158:13:lv_led_event	168	static
