../Middlewares/Third_Party/LVGL/lvgl/src/draw/../misc/../font/../misc/lv_area.h:123:26:lv_area_get_width	16	static
../Middlewares/Third_Party/LVGL/lvgl/src/draw/../misc/../font/../misc/lv_area.h:133:26:lv_area_get_height	16	static
../Middlewares/Third_Party/LVGL/lvgl/src/draw/../misc/lv_color.h:592:26:lv_color_make	16	static
../Middlewares/Third_Party/LVGL/lvgl/src/draw/../misc/lv_color.h:693:26:lv_color_white	8	static
../Middlewares/Third_Party/LVGL/lvgl/src/draw/../misc/lv_color.h:697:26:lv_color_black	8	static
../Middlewares/Third_Party/LVGL/lvgl/src/draw/lv_draw_rect.c:37:28:lv_draw_rect_dsc_init	24	static
../Middlewares/Third_Party/LVGL/lvgl/src/draw/lv_draw_rect.c:62:6:lv_draw_rect	24	static
