D:/TRABAJO/UMAKER/CURSOS/ARM - NUCLEO/STM32-Octubre/Squareline_ST7735/Drivers/CMSIS/Include/core_cm4.h:1688:22:__NVIC_EnableIRQ	16	static
D:/TRABAJO/UMAKER/CURSOS/ARM - NUCLEO/STM32-Octubre/Squareline_ST7735/Middlewares/Third_Party/LVGL/lvgl/src/lv_api_map.h:35:51:lv_task_handler	8	static
../Core/Src/main.c:55:5:main	16	static
../Core/Src/main.c:101:6:GPIO_Init	4	static
../Core/Src/main.c:124:6:SPI3_Init	4	static
../Core/Src/main.c:148:6:DMA1_Stream5_init	8	static
../Core/Src/main.c:172:6:SystemClk_Config	8	static
../Core/Src/main.c:197:6:flash_cofig	4	static
