../Middlewares/Third_Party/LVGL/lvgl/src/core/../hal/../draw/../misc/lv_anim.h:121:20:lv_anim_set_var	16	static
../Middlewares/Third_Party/LVGL/lvgl/src/core/../hal/../draw/../misc/lv_anim.h:133:20:lv_anim_set_exec_cb	16	static
../Middlewares/Third_Party/LVGL/lvgl/src/core/../hal/../draw/../misc/lv_anim.h:143:20:lv_anim_set_time	16	static
../Middlewares/Third_Party/LVGL/lvgl/src/core/../hal/../draw/../misc/lv_anim.h:153:20:lv_anim_set_delay	16	static
../Middlewares/Third_Party/LVGL/lvgl/src/core/../hal/../draw/../misc/lv_anim.h:164:20:lv_anim_set_values	24	static
../Middlewares/Third_Party/LVGL/lvgl/src/core/../hal/../draw/../misc/lv_anim.h:201:20:lv_anim_set_start_cb	16	static
../Middlewares/Third_Party/LVGL/lvgl/src/core/../hal/../draw/../misc/lv_anim.h:222:20:lv_anim_set_ready_cb	16	static
../Middlewares/Third_Party/LVGL/lvgl/src/core/lv_disp.h:162:26:lv_scr_act	8	static
../Middlewares/Third_Party/LVGL/lvgl/src/core/lv_disp.c:49:12:lv_disp_get_scr_act	16	static
../Middlewares/Third_Party/LVGL/lvgl/src/core/lv_disp.c:66:12:lv_disp_get_scr_prev	16	static
../Middlewares/Third_Party/LVGL/lvgl/src/core/lv_disp.c:81:6:lv_disp_load_scr	24	static
../Middlewares/Third_Party/LVGL/lvgl/src/core/lv_disp.c:104:12:lv_disp_get_layer_top	16	static
../Middlewares/Third_Party/LVGL/lvgl/src/core/lv_disp.c:121:12:lv_disp_get_layer_sys	16	static
../Middlewares/Third_Party/LVGL/lvgl/src/core/lv_disp.c:136:6:lv_disp_set_theme	16	static
../Middlewares/Third_Party/LVGL/lvgl/src/core/lv_disp.c:153:14:lv_disp_get_theme	16	static
../Middlewares/Third_Party/LVGL/lvgl/src/core/lv_disp.c:164:6:lv_disp_set_bg_color	40	static
../Middlewares/Third_Party/LVGL/lvgl/src/core/lv_disp.c:185:6:lv_disp_set_bg_image	40	static
../Middlewares/Third_Party/LVGL/lvgl/src/core/lv_disp.c:205:6:lv_disp_set_bg_opa	40	static
../Middlewares/Third_Party/LVGL/lvgl/src/core/lv_disp.c:228:6:lv_scr_load_anim	160	static
../Middlewares/Third_Party/LVGL/lvgl/src/core/lv_disp.c:350:10:lv_disp_get_inactive_time	32	static
../Middlewares/Third_Party/LVGL/lvgl/src/core/lv_disp.c:370:6:lv_disp_trig_activity	16	static
../Middlewares/Third_Party/LVGL/lvgl/src/core/lv_disp.c:385:6:lv_disp_clean_dcache	16	static
../Middlewares/Third_Party/LVGL/lvgl/src/core/lv_disp.c:403:14:_lv_disp_get_refr_timer	16	static
../Middlewares/Third_Party/LVGL/lvgl/src/core/lv_disp.c:418:13:scr_load_anim_start	24	static
../Middlewares/Third_Party/LVGL/lvgl/src/core/lv_disp.c:428:13:opa_scale_anim	16	static
../Middlewares/Third_Party/LVGL/lvgl/src/core/lv_disp.c:433:13:set_x_anim	16	static
../Middlewares/Third_Party/LVGL/lvgl/src/core/lv_disp.c:438:13:set_y_anim	16	static
../Middlewares/Third_Party/LVGL/lvgl/src/core/lv_disp.c:443:13:scr_anim_ready	24	static
