../Middlewares/Third_Party/LVGL/lvgl/src/core/lv_group.c:45:6:_lv_group_init	8	static
../Middlewares/Third_Party/LVGL/lvgl/src/core/lv_group.c:50:14:lv_group_create	16	static
../Middlewares/Third_Party/LVGL/lvgl/src/core/lv_group.c:71:6:lv_group_del	32	static
../Middlewares/Third_Party/LVGL/lvgl/src/core/lv_group.c:99:6:lv_group_set_default	16	static
../Middlewares/Third_Party/LVGL/lvgl/src/core/lv_group.c:104:14:lv_group_get_default	4	static
../Middlewares/Third_Party/LVGL/lvgl/src/core/lv_group.c:109:6:lv_group_add_obj	32	static
../Middlewares/Third_Party/LVGL/lvgl/src/core/lv_group.c:151:6:lv_group_swap_obj	32	static
../Middlewares/Third_Party/LVGL/lvgl/src/core/lv_group.c:170:6:lv_group_remove_obj	32	static
../Middlewares/Third_Party/LVGL/lvgl/src/core/lv_group.c:211:6:lv_group_remove_all_objs	32	static
../Middlewares/Third_Party/LVGL/lvgl/src/core/lv_group.c:229:6:lv_group_focus_obj	40	static
../Middlewares/Third_Party/LVGL/lvgl/src/core/lv_group.c:262:6:lv_group_focus_next	16	static
../Middlewares/Third_Party/LVGL/lvgl/src/core/lv_group.c:267:6:lv_group_focus_prev	16	static
../Middlewares/Third_Party/LVGL/lvgl/src/core/lv_group.c:272:6:lv_group_focus_freeze	16	static
../Middlewares/Third_Party/LVGL/lvgl/src/core/lv_group.c:278:10:lv_group_send_data	24	static
../Middlewares/Third_Party/LVGL/lvgl/src/core/lv_group.c:285:6:lv_group_set_focus_cb	16	static
../Middlewares/Third_Party/LVGL/lvgl/src/core/lv_group.c:290:6:lv_group_set_editing	40	static
../Middlewares/Third_Party/LVGL/lvgl/src/core/lv_group.c:308:6:lv_group_set_refocus_policy	16	static
../Middlewares/Third_Party/LVGL/lvgl/src/core/lv_group.c:313:6:lv_group_set_wrap	16	static
../Middlewares/Third_Party/LVGL/lvgl/src/core/lv_group.c:318:12:lv_group_get_focused	16	static
../Middlewares/Third_Party/LVGL/lvgl/src/core/lv_group.c:326:21:lv_group_get_focus_cb	16	static
../Middlewares/Third_Party/LVGL/lvgl/src/core/lv_group.c:332:6:lv_group_get_editing	16	static
../Middlewares/Third_Party/LVGL/lvgl/src/core/lv_group.c:338:6:lv_group_get_wrap	16	static
../Middlewares/Third_Party/LVGL/lvgl/src/core/lv_group.c:344:10:lv_group_get_obj_count	16	static
../Middlewares/Third_Party/LVGL/lvgl/src/core/lv_group.c:352:13:lv_group_refocus	24	static
../Middlewares/Third_Party/LVGL/lvgl/src/core/lv_group.c:366:13:focus_next_core	56	static
../Middlewares/Third_Party/LVGL/lvgl/src/core/lv_group.c:446:21:get_indev	32	static
