../Middlewares/Third_Party/LVGL/lvgl/src/core/../misc/lv_color.h:443:48:lv_color_mix	32	static
../Middlewares/Third_Party/LVGL/lvgl/src/core/../misc/lv_anim.h:121:20:lv_anim_set_var	16	static
../Middlewares/Third_Party/LVGL/lvgl/src/core/../misc/lv_anim.h:133:20:lv_anim_set_exec_cb	16	static
../Middlewares/Third_Party/LVGL/lvgl/src/core/../misc/lv_anim.h:143:20:lv_anim_set_time	16	static
../Middlewares/Third_Party/LVGL/lvgl/src/core/../misc/lv_anim.h:153:20:lv_anim_set_delay	16	static
../Middlewares/Third_Party/LVGL/lvgl/src/core/../misc/lv_anim.h:164:20:lv_anim_set_values	24	static
../Middlewares/Third_Party/LVGL/lvgl/src/core/../misc/lv_anim.h:191:20:lv_anim_set_path_cb	16	static
../Middlewares/Third_Party/LVGL/lvgl/src/core/../misc/lv_anim.h:201:20:lv_anim_set_start_cb	16	static
../Middlewares/Third_Party/LVGL/lvgl/src/core/../misc/lv_anim.h:222:20:lv_anim_set_ready_cb	16	static
../Middlewares/Third_Party/LVGL/lvgl/src/core/../misc/lv_anim.h:273:20:lv_anim_set_early_apply	16	static
../Middlewares/Third_Party/LVGL/lvgl/src/core/../misc/lv_bidi.h:129:20:lv_bidi_calculate_align	24	static
../Middlewares/Third_Party/LVGL/lvgl/src/core/lv_obj_style_gen.h:1:26:lv_obj_get_style_width	24	static
../Middlewares/Third_Party/LVGL/lvgl/src/core/lv_obj_style_gen.h:19:26:lv_obj_get_style_height	24	static
../Middlewares/Third_Party/LVGL/lvgl/src/core/lv_obj_style_gen.h:475:31:lv_obj_get_style_text_align	24	static
../Middlewares/Third_Party/LVGL/lvgl/src/core/lv_obj_style_gen.h:493:24:lv_obj_get_style_opa	24	static
../Middlewares/Third_Party/LVGL/lvgl/src/core/lv_obj_style_gen.h:499:45:lv_obj_get_style_color_filter_dsc	24	static
../Middlewares/Third_Party/LVGL/lvgl/src/core/lv_obj_style_gen.h:506:24:lv_obj_get_style_color_filter_opa	24	static
../Middlewares/Third_Party/LVGL/lvgl/src/core/lv_obj_style_gen.h:542:29:lv_obj_get_style_base_dir	24	static
../Middlewares/Third_Party/LVGL/lvgl/src/core/lv_obj_style.c:71:6:_lv_obj_style_init	8	static
../Middlewares/Third_Party/LVGL/lvgl/src/core/lv_obj_style.c:76:6:lv_obj_add_style	32	static
../Middlewares/Third_Party/LVGL/lvgl/src/core/lv_obj_style.c:106:6:lv_obj_remove_style	56	static
../Middlewares/Third_Party/LVGL/lvgl/src/core/lv_obj_style.c:153:6:lv_obj_report_style_change	24	static
../Middlewares/Third_Party/LVGL/lvgl/src/core/lv_obj_style.c:167:6:lv_obj_refresh_style	32	static
../Middlewares/Third_Party/LVGL/lvgl/src/core/lv_obj_style.c:205:6:lv_obj_enable_style_refresh	16	static
../Middlewares/Third_Party/LVGL/lvgl/src/core/lv_obj_style.c:210:18:lv_obj_get_style_prop	40	static
../Middlewares/Third_Party/LVGL/lvgl/src/core/lv_obj_style.c:257:6:lv_obj_set_local_style_prop	32	static
../Middlewares/Third_Party/LVGL/lvgl/src/core/lv_obj_style.c:266:10:lv_obj_get_local_style_prop	32	static
../Middlewares/Third_Party/LVGL/lvgl/src/core/lv_obj_style.c:280:6:lv_obj_remove_local_style_prop	32	static
../Middlewares/Third_Party/LVGL/lvgl/src/core/lv_obj_style.c:299:6:_lv_obj_style_create_transition	112	static
../Middlewares/Third_Party/LVGL/lvgl/src/core/lv_obj_style.c:358:23:_lv_obj_style_state_compare	40	static
../Middlewares/Third_Party/LVGL/lvgl/src/core/lv_obj_style.c:420:6:lv_obj_fade_in	88	static
../Middlewares/Third_Party/LVGL/lvgl/src/core/lv_obj_style.c:433:6:lv_obj_fade_out	88	static
../Middlewares/Third_Party/LVGL/lvgl/src/core/lv_obj_style.c:445:12:lv_obj_style_get_selector_state	16	static
../Middlewares/Third_Party/LVGL/lvgl/src/core/lv_obj_style.c:450:11:lv_obj_style_get_selector_part	16	static
../Middlewares/Third_Party/LVGL/lvgl/src/core/lv_obj_style.c:456:17:lv_obj_calculate_style_text_align	32	static
../Middlewares/Third_Party/LVGL/lvgl/src/core/lv_obj_style.c:475:21:get_local_style	32	static
../Middlewares/Third_Party/LVGL/lvgl/src/core/lv_obj_style.c:511:26:get_trans_style	32	static
../Middlewares/Third_Party/LVGL/lvgl/src/core/lv_obj_style.c:537:13:get_prop_core	72	static
../Middlewares/Third_Party/LVGL/lvgl/src/core/lv_obj_style.c:599:25:apply_color_filter	32	static
../Middlewares/Third_Party/LVGL/lvgl/src/core/lv_obj_style.c:615:13:report_style_change_core	24	static
../Middlewares/Third_Party/LVGL/lvgl/src/core/lv_obj_style.c:636:13:refresh_children_style	32	static
../Middlewares/Third_Party/LVGL/lvgl/src/core/lv_obj_style.c:659:13:trans_del	40	static
../Middlewares/Third_Party/LVGL/lvgl/src/core/lv_obj_style.c:691:13:trans_anim_cb	40	static
../Middlewares/Third_Party/LVGL/lvgl/src/core/lv_obj_style.c:754:13:trans_anim_start_cb	40	static
../Middlewares/Third_Party/LVGL/lvgl/src/core/lv_obj_style.c:775:13:trans_anim_ready_cb	48	static
../Middlewares/Third_Party/LVGL/lvgl/src/core/lv_obj_style.c:813:13:fade_anim_cb	16	static
../Middlewares/Third_Party/LVGL/lvgl/src/core/lv_obj_style.c:818:13:fade_in_anim_ready	16	static
