../Middlewares/Third_Party/LVGL/lvgl/src/core/../misc/../font/../misc/lv_area.h:110:20:lv_area_copy	16	static
../Middlewares/Third_Party/LVGL/lvgl/src/core/../misc/lv_style.h:395:24:lv_style_get_prop_inlined	48	static
../Middlewares/Third_Party/LVGL/lvgl/src/core/lv_obj_style.h:92:20:lv_obj_remove_style_all	16	static
../Middlewares/Third_Party/LVGL/lvgl/src/core/lv_obj_style_gen.h:1:26:lv_obj_get_style_width	24	static
../Middlewares/Third_Party/LVGL/lvgl/src/core/lv_obj_style_gen.h:19:26:lv_obj_get_style_height	24	static
../Middlewares/Third_Party/LVGL/lvgl/src/core/lv_obj_style_gen.h:49:26:lv_obj_get_style_align	24	static
../Middlewares/Third_Party/LVGL/lvgl/src/core/lv_obj_style_gen.h:55:26:lv_obj_get_style_transform_width	24	static
../Middlewares/Third_Party/LVGL/lvgl/src/core/lv_obj_style_gen.h:61:26:lv_obj_get_style_transform_height	24	static
../Middlewares/Third_Party/LVGL/lvgl/src/core/lv_obj_style_gen.h:91:26:lv_obj_get_style_pad_top	24	static
../Middlewares/Third_Party/LVGL/lvgl/src/core/lv_obj_style_gen.h:103:26:lv_obj_get_style_pad_left	24	static
../Middlewares/Third_Party/LVGL/lvgl/src/core/lv_obj_style_gen.h:127:26:lv_obj_get_style_bg_color	24	static
../Middlewares/Third_Party/LVGL/lvgl/src/core/lv_obj_style_gen.h:139:24:lv_obj_get_style_bg_opa	24	static
../Middlewares/Third_Party/LVGL/lvgl/src/core/lv_obj_style_gen.h:223:26:lv_obj_get_style_border_color	24	static
../Middlewares/Third_Party/LVGL/lvgl/src/core/lv_obj_style_gen.h:235:24:lv_obj_get_style_border_opa	24	static
../Middlewares/Third_Party/LVGL/lvgl/src/core/lv_obj_style_gen.h:241:26:lv_obj_get_style_border_width	24	static
../Middlewares/Third_Party/LVGL/lvgl/src/core/lv_obj_style_gen.h:253:20:lv_obj_get_style_border_post	24	static
../Middlewares/Third_Party/LVGL/lvgl/src/core/lv_obj_style_gen.h:289:26:lv_obj_get_style_shadow_width	24	static
../Middlewares/Third_Party/LVGL/lvgl/src/core/lv_obj_style_gen.h:307:26:lv_obj_get_style_shadow_spread	24	static
../Middlewares/Third_Party/LVGL/lvgl/src/core/lv_obj_style_gen.h:313:26:lv_obj_get_style_shadow_color	24	static
../Middlewares/Third_Party/LVGL/lvgl/src/core/lv_obj_style_gen.h:325:24:lv_obj_get_style_shadow_opa	24	static
../Middlewares/Third_Party/LVGL/lvgl/src/core/lv_obj_style_gen.h:481:26:lv_obj_get_style_radius	24	static
../Middlewares/Third_Party/LVGL/lvgl/src/core/lv_obj_style_gen.h:487:20:lv_obj_get_style_clip_corner	24	static
../Middlewares/Third_Party/LVGL/lvgl/src/core/lv_obj_style_gen.h:493:24:lv_obj_get_style_opa	24	static
../Middlewares/Third_Party/LVGL/lvgl/src/core/lv_obj_style_gen.h:530:31:lv_obj_get_style_blend_mode	24	static
../Middlewares/Third_Party/LVGL/lvgl/src/core/lv_obj_style_gen.h:536:24:lv_obj_get_style_layout	24	static
../Middlewares/Third_Party/LVGL/lvgl/src/core/lv_obj.c:87:6:lv_is_initialized	4	static
../Middlewares/Third_Party/LVGL/lvgl/src/core/lv_obj.c:92:6:lv_init	32	static
../Middlewares/Third_Party/LVGL/lvgl/src/core/lv_obj.c:184:6:lv_deinit	8	static
../Middlewares/Third_Party/LVGL/lvgl/src/core/lv_obj.c:200:12:lv_obj_create	24	static
../Middlewares/Third_Party/LVGL/lvgl/src/core/lv_obj.c:216:6:lv_obj_add_flag	40	static
../Middlewares/Third_Party/LVGL/lvgl/src/core/lv_obj.c:243:6:lv_obj_clear_flag	40	static
../Middlewares/Third_Party/LVGL/lvgl/src/core/lv_obj.c:270:6:lv_obj_add_state	24	static
../Middlewares/Third_Party/LVGL/lvgl/src/core/lv_obj.c:280:6:lv_obj_clear_state	24	static
../Middlewares/Third_Party/LVGL/lvgl/src/core/lv_obj.c:294:6:lv_obj_has_flag	16	static
../Middlewares/Third_Party/LVGL/lvgl/src/core/lv_obj.c:301:6:lv_obj_has_flag_any	16	static
../Middlewares/Third_Party/LVGL/lvgl/src/core/lv_obj.c:308:12:lv_obj_get_state	16	static
../Middlewares/Third_Party/LVGL/lvgl/src/core/lv_obj.c:315:6:lv_obj_has_state	16	static
../Middlewares/Third_Party/LVGL/lvgl/src/core/lv_obj.c:322:8:lv_obj_get_group	16	static
../Middlewares/Third_Party/LVGL/lvgl/src/core/lv_obj.c:334:6:lv_obj_allocate_spec_attr	16	static
../Middlewares/Third_Party/LVGL/lvgl/src/core/lv_obj.c:352:6:lv_obj_check_type	16	static
../Middlewares/Third_Party/LVGL/lvgl/src/core/lv_obj.c:358:6:lv_obj_has_class	24	static
../Middlewares/Third_Party/LVGL/lvgl/src/core/lv_obj.c:369:24:lv_obj_get_class	16	static
../Middlewares/Third_Party/LVGL/lvgl/src/core/lv_obj.c:374:6:lv_obj_is_valid	32	static
../Middlewares/Third_Party/LVGL/lvgl/src/core/lv_obj.c:395:13:lv_obj_constructor	32	static
../Middlewares/Third_Party/LVGL/lvgl/src/core/lv_obj.c:426:13:lv_obj_destructor	24	static
../Middlewares/Third_Party/LVGL/lvgl/src/core/lv_obj.c:459:13:lv_obj_draw	224	static
../Middlewares/Third_Party/LVGL/lvgl/src/core/lv_obj.c:615:13:draw_scrollbar	168	static
../Middlewares/Third_Party/LVGL/lvgl/src/core/lv_obj.c:656:17:scrollbar_init_draw_dsc	32	static
../Middlewares/Third_Party/LVGL/lvgl/src/core/lv_obj.c:708:13:lv_obj_event	120	static
../Middlewares/Third_Party/LVGL/lvgl/src/core/lv_obj.c:864:13:lv_obj_set_state	88	static
../Middlewares/Third_Party/LVGL/lvgl/src/core/lv_obj.c:937:13:obj_valid_child	32	static
