../Middlewares/Third_Party/LVGL/lvgl/src/hal/../draw/../misc/lv_color.h:379:24:lv_color_to32	24	static
../Middlewares/Third_Party/LVGL/lvgl/src/hal/../draw/../misc/lv_color.h:443:48:lv_color_mix	32	static
../Middlewares/Third_Party/LVGL/lvgl/src/hal/../draw/../misc/lv_color.h:528:42:lv_color_mix_with_alpha	24	static
../Middlewares/Third_Party/LVGL/lvgl/src/hal/../draw/../misc/lv_color.h:584:23:lv_color_brightness	24	static
../Middlewares/Third_Party/LVGL/lvgl/src/hal/../draw/../misc/lv_color.h:592:26:lv_color_make	16	static
../Middlewares/Third_Party/LVGL/lvgl/src/hal/../draw/../misc/lv_color.h:597:26:lv_color_hex	24	static
../Middlewares/Third_Party/LVGL/lvgl/src/hal/../draw/../misc/lv_color.h:693:26:lv_color_white	8	static
../Middlewares/Third_Party/LVGL/lvgl/src/hal/../draw/../misc/lv_color.h:697:26:lv_color_black	8	static
../Middlewares/Third_Party/LVGL/lvgl/src/hal/../core/lv_obj_style.h:92:20:lv_obj_remove_style_all	16	static
../Middlewares/Third_Party/LVGL/lvgl/src/hal/lv_hal_disp.c:79:6:lv_disp_drv_init	24	static
../Middlewares/Third_Party/LVGL/lvgl/src/hal/lv_hal_disp.c:134:6:lv_disp_draw_buf_init	24	static
../Middlewares/Third_Party/LVGL/lvgl/src/hal/lv_hal_disp.c:150:13:lv_disp_drv_register	48	static
../Middlewares/Third_Party/LVGL/lvgl/src/hal/lv_hal_disp.c:230:6:lv_disp_drv_update	32	static
../Middlewares/Third_Party/LVGL/lvgl/src/hal/lv_hal_disp.c:271:6:lv_disp_remove	24	static
../Middlewares/Third_Party/LVGL/lvgl/src/hal/lv_hal_disp.c:311:6:lv_disp_set_default	16	static
../Middlewares/Third_Party/LVGL/lvgl/src/hal/lv_hal_disp.c:320:13:lv_disp_get_default	4	static
../Middlewares/Third_Party/LVGL/lvgl/src/hal/lv_hal_disp.c:330:12:lv_disp_get_hor_res	16	static
../Middlewares/Third_Party/LVGL/lvgl/src/hal/lv_hal_disp.c:353:12:lv_disp_get_ver_res	16	static
../Middlewares/Third_Party/LVGL/lvgl/src/hal/lv_hal_disp.c:376:12:lv_disp_get_physical_hor_res	16	static
../Middlewares/Third_Party/LVGL/lvgl/src/hal/lv_hal_disp.c:399:12:lv_disp_get_physical_ver_res	16	static
../Middlewares/Third_Party/LVGL/lvgl/src/hal/lv_hal_disp.c:422:12:lv_disp_get_offset_x	16	static
../Middlewares/Third_Party/LVGL/lvgl/src/hal/lv_hal_disp.c:448:12:lv_disp_get_offset_y	16	static
../Middlewares/Third_Party/LVGL/lvgl/src/hal/lv_hal_disp.c:474:6:lv_disp_get_antialiasing	16	static
../Middlewares/Third_Party/LVGL/lvgl/src/hal/lv_hal_disp.c:487:12:lv_disp_get_dpi	16	static
../Middlewares/Third_Party/LVGL/lvgl/src/hal/lv_hal_disp.c:498:31:lv_disp_flush_ready	16	static
../Middlewares/Third_Party/LVGL/lvgl/src/hal/lv_hal_disp.c:522:31:lv_disp_flush_is_last	16	static
../Middlewares/Third_Party/LVGL/lvgl/src/hal/lv_hal_disp.c:532:13:lv_disp_get_next	16	static
../Middlewares/Third_Party/LVGL/lvgl/src/hal/lv_hal_disp.c:545:22:lv_disp_get_draw_buf	16	static
../Middlewares/Third_Party/LVGL/lvgl/src/hal/lv_hal_disp.c:555:6:lv_disp_set_rotation	16	static
../Middlewares/Third_Party/LVGL/lvgl/src/hal/lv_hal_disp.c:569:15:lv_disp_get_rotation	16	static
../Middlewares/Third_Party/LVGL/lvgl/src/hal/lv_hal_disp.c:576:6:lv_disp_drv_use_generic_set_px_cb	16	static
../Middlewares/Third_Party/LVGL/lvgl/src/hal/lv_hal_disp.c:603:31:invalidate_layout_cb	16	static
../Middlewares/Third_Party/LVGL/lvgl/src/hal/lv_hal_disp.c:610:13:set_px_cb_alpha1	48	static
../Middlewares/Third_Party/LVGL/lvgl/src/hal/lv_hal_disp.c:624:13:set_px_cb_alpha2	48	static
../Middlewares/Third_Party/LVGL/lvgl/src/hal/lv_hal_disp.c:638:13:set_px_cb_alpha4	48	static
../Middlewares/Third_Party/LVGL/lvgl/src/hal/lv_hal_disp.c:652:13:set_px_cb_alpha8	48	static
../Middlewares/Third_Party/LVGL/lvgl/src/hal/lv_hal_disp.c:666:13:set_px_alpha_generic	32	static
../Middlewares/Third_Party/LVGL/lvgl/src/hal/lv_hal_disp.c:680:13:set_px_true_color_alpha	56	static
