../Middlewares/Third_Party/LVGL/lvgl/src/draw/sw/../../misc/lv_color.h:379:24:lv_color_to32	24	static
../Middlewares/Third_Party/LVGL/lvgl/src/draw/sw/lv_draw_sw_gradient.c:72:17:compute_key	24	static
../Middlewares/Third_Party/LVGL/lvgl/src/draw/sw/lv_draw_sw_gradient.c:79:15:get_cache_item_size	24	static
../Middlewares/Third_Party/LVGL/lvgl/src/draw/sw/lv_draw_sw_gradient.c:91:20:next_in_cache	24	static
../Middlewares/Third_Party/LVGL/lvgl/src/draw/sw/lv_draw_sw_gradient.c:106:17:iterate_cache	32	static
../Middlewares/Third_Party/LVGL/lvgl/src/draw/sw/lv_draw_sw_gradient.c:119:17:find_oldest_item_life	24	static
../Middlewares/Third_Party/LVGL/lvgl/src/draw/sw/lv_draw_sw_gradient.c:126:13:free_item	32	static
../Middlewares/Third_Party/LVGL/lvgl/src/draw/sw/lv_draw_sw_gradient.c:149:17:kill_oldest_item	24	static
../Middlewares/Third_Party/LVGL/lvgl/src/draw/sw/lv_draw_sw_gradient.c:160:17:find_item	24	static
../Middlewares/Third_Party/LVGL/lvgl/src/draw/sw/lv_draw_sw_gradient.c:167:20:allocate_item	40	static
../Middlewares/Third_Party/LVGL/lvgl/src/draw/sw/lv_draw_sw_gradient.c:244:6:lv_gradient_free_cache	8	static
../Middlewares/Third_Party/LVGL/lvgl/src/draw/sw/lv_draw_sw_gradient.c:251:6:lv_gradient_set_cache_size	16	static
../Middlewares/Third_Party/LVGL/lvgl/src/draw/sw/lv_draw_sw_gradient.c:260:13:lv_gradient_get	40	static
../Middlewares/Third_Party/LVGL/lvgl/src/draw/sw/lv_draw_sw_gradient.c:305:39:lv_gradient_calculate	56	static
../Middlewares/Third_Party/LVGL/lvgl/src/draw/sw/lv_draw_sw_gradient.c:348:6:lv_gradient_cleanup	16	static
