../Middlewares/Third_Party/LVGL/lvgl/src/extra/layouts/flex/../flex/../../../core/../misc/../font/../misc/lv_area.h:110:20:lv_area_copy	16	static
../Middlewares/Third_Party/LVGL/lvgl/src/extra/layouts/flex/../flex/../../../core/../misc/../font/../misc/lv_area.h:123:26:lv_area_get_width	16	static
../Middlewares/Third_Party/LVGL/lvgl/src/extra/layouts/flex/../flex/../../../core/../misc/../font/../misc/lv_area.h:133:26:lv_area_get_height	16	static
../Middlewares/Third_Party/LVGL/lvgl/src/extra/layouts/flex/../flex/../../../core/lv_obj_style_gen.h:1:26:lv_obj_get_style_width	24	static
../Middlewares/Third_Party/LVGL/lvgl/src/extra/layouts/flex/../flex/../../../core/lv_obj_style_gen.h:7:26:lv_obj_get_style_min_width	24	static
../Middlewares/Third_Party/LVGL/lvgl/src/extra/layouts/flex/../flex/../../../core/lv_obj_style_gen.h:13:26:lv_obj_get_style_max_width	24	static
../Middlewares/Third_Party/LVGL/lvgl/src/extra/layouts/flex/../flex/../../../core/lv_obj_style_gen.h:19:26:lv_obj_get_style_height	24	static
../Middlewares/Third_Party/LVGL/lvgl/src/extra/layouts/flex/../flex/../../../core/lv_obj_style_gen.h:25:26:lv_obj_get_style_min_height	24	static
../Middlewares/Third_Party/LVGL/lvgl/src/extra/layouts/flex/../flex/../../../core/lv_obj_style_gen.h:31:26:lv_obj_get_style_max_height	24	static
../Middlewares/Third_Party/LVGL/lvgl/src/extra/layouts/flex/../flex/../../../core/lv_obj_style_gen.h:67:26:lv_obj_get_style_translate_x	24	static
../Middlewares/Third_Party/LVGL/lvgl/src/extra/layouts/flex/../flex/../../../core/lv_obj_style_gen.h:73:26:lv_obj_get_style_translate_y	24	static
../Middlewares/Third_Party/LVGL/lvgl/src/extra/layouts/flex/../flex/../../../core/lv_obj_style_gen.h:91:26:lv_obj_get_style_pad_top	24	static
../Middlewares/Third_Party/LVGL/lvgl/src/extra/layouts/flex/../flex/../../../core/lv_obj_style_gen.h:103:26:lv_obj_get_style_pad_left	24	static
../Middlewares/Third_Party/LVGL/lvgl/src/extra/layouts/flex/../flex/../../../core/lv_obj_style_gen.h:115:26:lv_obj_get_style_pad_row	24	static
../Middlewares/Third_Party/LVGL/lvgl/src/extra/layouts/flex/../flex/../../../core/lv_obj_style_gen.h:121:26:lv_obj_get_style_pad_column	24	static
../Middlewares/Third_Party/LVGL/lvgl/src/extra/layouts/flex/../flex/../../../core/lv_obj_style_gen.h:241:26:lv_obj_get_style_border_width	24	static
../Middlewares/Third_Party/LVGL/lvgl/src/extra/layouts/flex/../flex/../../../core/lv_obj_style_gen.h:548:29:lv_obj_get_style_base_dir	24	static
../Middlewares/Third_Party/LVGL/lvgl/src/extra/layouts/flex/../flex/lv_flex.h:112:30:lv_obj_get_style_flex_flow	24	static
../Middlewares/Third_Party/LVGL/lvgl/src/extra/layouts/flex/../flex/lv_flex.h:118:31:lv_obj_get_style_flex_main_place	24	static
../Middlewares/Third_Party/LVGL/lvgl/src/extra/layouts/flex/../flex/lv_flex.h:124:31:lv_obj_get_style_flex_cross_place	24	static
../Middlewares/Third_Party/LVGL/lvgl/src/extra/layouts/flex/../flex/lv_flex.h:130:31:lv_obj_get_style_flex_track_place	24	static
../Middlewares/Third_Party/LVGL/lvgl/src/extra/layouts/flex/../flex/lv_flex.h:136:23:lv_obj_get_style_flex_grow	24	static
../Middlewares/Third_Party/LVGL/lvgl/src/extra/layouts/flex/lv_flex.c:92:6:lv_flex_init	8	static
../Middlewares/Third_Party/LVGL/lvgl/src/extra/layouts/flex/lv_flex.c:102:6:lv_obj_set_flex_flow	16	static
../Middlewares/Third_Party/LVGL/lvgl/src/extra/layouts/flex/lv_flex.c:108:6:lv_obj_set_flex_align	16	static
../Middlewares/Third_Party/LVGL/lvgl/src/extra/layouts/flex/lv_flex.c:117:6:lv_obj_set_flex_grow	16	static
../Middlewares/Third_Party/LVGL/lvgl/src/extra/layouts/flex/lv_flex.c:124:6:lv_style_set_flex_flow	24	static
../Middlewares/Third_Party/LVGL/lvgl/src/extra/layouts/flex/lv_flex.c:132:6:lv_style_set_flex_main_place	24	static
../Middlewares/Third_Party/LVGL/lvgl/src/extra/layouts/flex/lv_flex.c:140:6:lv_style_set_flex_cross_place	24	static
../Middlewares/Third_Party/LVGL/lvgl/src/extra/layouts/flex/lv_flex.c:148:6:lv_style_set_flex_track_place	24	static
../Middlewares/Third_Party/LVGL/lvgl/src/extra/layouts/flex/lv_flex.c:156:6:lv_style_set_flex_grow	24	static
../Middlewares/Third_Party/LVGL/lvgl/src/extra/layouts/flex/lv_flex.c:165:6:lv_obj_set_style_flex_flow	32	static
../Middlewares/Third_Party/LVGL/lvgl/src/extra/layouts/flex/lv_flex.c:173:6:lv_obj_set_style_flex_main_place	32	static
../Middlewares/Third_Party/LVGL/lvgl/src/extra/layouts/flex/lv_flex.c:181:6:lv_obj_set_style_flex_cross_place	32	static
../Middlewares/Third_Party/LVGL/lvgl/src/extra/layouts/flex/lv_flex.c:189:6:lv_obj_set_style_flex_track_place	32	static
../Middlewares/Third_Party/LVGL/lvgl/src/extra/layouts/flex/lv_flex.c:197:6:lv_obj_set_style_flex_grow	32	static
../Middlewares/Third_Party/LVGL/lvgl/src/extra/layouts/flex/lv_flex.c:209:13:flex_update	152	static
../Middlewares/Third_Party/LVGL/lvgl/src/extra/layouts/flex/lv_flex.c:317:16:find_track_end	56	static
../Middlewares/Third_Party/LVGL/lvgl/src/extra/layouts/flex/lv_flex.c:405:13:children_repos	112	static
../Middlewares/Third_Party/LVGL/lvgl/src/extra/layouts/flex/lv_flex.c:541:13:place_content	16	static
../Middlewares/Third_Party/LVGL/lvgl/src/extra/layouts/flex/lv_flex.c:581:19:get_next_item	24	static
