../Middlewares/Third_Party/LVGL/lvgl/src/extra/themes/default/../../../../src/hal/../draw/../misc/../font/../misc/lv_area.h:284:26:lv_pct	16	static
../Middlewares/Third_Party/LVGL/lvgl/src/extra/themes/default/../../../../src/hal/../draw/../misc/lv_color.h:443:48:lv_color_mix	32	static
../Middlewares/Third_Party/LVGL/lvgl/src/extra/themes/default/../../../../src/hal/../draw/../misc/lv_color.h:592:26:lv_color_make	16	static
../Middlewares/Third_Party/LVGL/lvgl/src/extra/themes/default/../../../../src/hal/../draw/../misc/lv_color.h:597:26:lv_color_hex	24	static
../Middlewares/Third_Party/LVGL/lvgl/src/extra/themes/default/../../../../src/hal/../draw/../misc/lv_color.h:637:20:lv_color_filter_dsc_init	16	static
../Middlewares/Third_Party/LVGL/lvgl/src/extra/themes/default/../../../../src/hal/../draw/../misc/lv_color.h:693:26:lv_color_white	8	static
../Middlewares/Third_Party/LVGL/lvgl/src/extra/themes/default/../../../../src/hal/../draw/../misc/lv_style.h:471:20:lv_style_set_size	16	static
../Middlewares/Third_Party/LVGL/lvgl/src/extra/themes/default/../../../../src/hal/../draw/../misc/lv_style.h:477:20:lv_style_set_pad_all	16	static
../Middlewares/Third_Party/LVGL/lvgl/src/extra/themes/default/../../../../src/hal/../draw/../misc/lv_style.h:485:20:lv_style_set_pad_hor	16	static
../Middlewares/Third_Party/LVGL/lvgl/src/extra/themes/default/../../../../src/hal/../draw/../misc/lv_style.h:491:20:lv_style_set_pad_ver	16	static
../Middlewares/Third_Party/LVGL/lvgl/src/extra/themes/default/../../../../src/hal/../draw/../misc/lv_style.h:497:20:lv_style_set_pad_gap	16	static
../Middlewares/Third_Party/LVGL/lvgl/src/extra/themes/default/../../../../src/core/lv_disp.h:235:26:lv_disp_dpx	16	static
../Middlewares/Third_Party/LVGL/lvgl/src/extra/themes/default/lv_theme_default.c:192:19:dark_color_filter_cb	16	static
../Middlewares/Third_Party/LVGL/lvgl/src/extra/themes/default/lv_theme_default.c:198:19:grey_filter_cb	16	static
../Middlewares/Third_Party/LVGL/lvgl/src/extra/themes/default/lv_theme_default.c:205:13:style_init	24	static
../Middlewares/Third_Party/LVGL/lvgl/src/extra/themes/default/lv_theme_default.c:642:14:lv_theme_default_init	24	static
../Middlewares/Third_Party/LVGL/lvgl/src/extra/themes/default/lv_theme_default.c:677:14:lv_theme_default_get	8	static
../Middlewares/Third_Party/LVGL/lvgl/src/extra/themes/default/lv_theme_default.c:686:6:lv_theme_default_is_inited	4	static
../Middlewares/Third_Party/LVGL/lvgl/src/extra/themes/default/lv_theme_default.c:692:13:theme_apply	24	static
../Middlewares/Third_Party/LVGL/lvgl/src/extra/themes/default/lv_theme_default.c:1164:13:style_init_reset	16	static
