../Middlewares/Third_Party/LVGL/lvgl/src/misc/lv_fs.c:41:6:_lv_fs_init	8	static
../Middlewares/Third_Party/LVGL/lvgl/src/misc/lv_fs.c:46:6:lv_fs_is_ready	24	static
../Middlewares/Third_Party/LVGL/lvgl/src/misc/lv_fs.c:57:13:lv_fs_open	40	static
../Middlewares/Third_Party/LVGL/lvgl/src/misc/lv_fs.c:103:13:lv_fs_close	24	static
../Middlewares/Third_Party/LVGL/lvgl/src/misc/lv_fs.c:130:20:lv_fs_read_cached	80	static
../Middlewares/Third_Party/LVGL/lvgl/src/misc/lv_fs.c:204:13:lv_fs_read	48	static
../Middlewares/Third_Party/LVGL/lvgl/src/misc/lv_fs.c:225:13:lv_fs_write	48	static
../Middlewares/Third_Party/LVGL/lvgl/src/misc/lv_fs.c:244:13:lv_fs_seek	40	static
../Middlewares/Third_Party/LVGL/lvgl/src/misc/lv_fs.c:299:13:lv_fs_tell	24	static
../Middlewares/Third_Party/LVGL/lvgl/src/misc/lv_fs.c:323:13:lv_fs_dir_open	32	static
../Middlewares/Third_Party/LVGL/lvgl/src/misc/lv_fs.c:357:13:lv_fs_dir_read	24	static
../Middlewares/Third_Party/LVGL/lvgl/src/misc/lv_fs.c:374:13:lv_fs_dir_close	24	static
../Middlewares/Third_Party/LVGL/lvgl/src/misc/lv_fs.c:392:6:lv_fs_drv_init	16	static
../Middlewares/Third_Party/LVGL/lvgl/src/misc/lv_fs.c:397:6:lv_fs_drv_register	24	static
../Middlewares/Third_Party/LVGL/lvgl/src/misc/lv_fs.c:408:15:lv_fs_get_drv	24	static
../Middlewares/Third_Party/LVGL/lvgl/src/misc/lv_fs.c:421:8:lv_fs_get_letters	24	static
../Middlewares/Third_Party/LVGL/lvgl/src/misc/lv_fs.c:436:14:lv_fs_get_ext	24	static
../Middlewares/Third_Party/LVGL/lvgl/src/misc/lv_fs.c:451:8:lv_fs_up	24	static
../Middlewares/Third_Party/LVGL/lvgl/src/misc/lv_fs.c:477:14:lv_fs_get_last	24	static
../Middlewares/Third_Party/LVGL/lvgl/src/misc/lv_fs.c:511:21:lv_fs_get_real_path	16	static
