21:56:57 **** Incremental Build of configuration Debug for project EXTI ****
make -j8 all 
arm-none-eabi-gcc "../Core/Src/delay.c" -mcpu=cortex-m4 -std=gnu11 -g3 -DDEBUG -DSTM32F401xE -DNUCLEO_F401RE -DSTM32 -DSTM32F401RETx -DSTM32F4 -c -I"D:/TRABAJO/UMAKER/CURSOS/ARM - NUCLEO/STM32-Octubre/EXTI/Drivers/CMSIS/Device/ST/STM32F4xx/Include" -I"D:/TRABAJO/UMAKER/CURSOS/ARM - NUCLEO/STM32-Octubre/EXTI/Drivers/CMSIS/Include" -I"D:/TRABAJO/UMAKER/CURSOS/ARM - NUCLEO/STM32-Octubre/EXTI/Core/Inc" -O0 -ffunction-sections -fdata-sections -Wall -fstack-usage -MMD -MP -MF"Core/Src/delay.d" -MT"Core/Src/delay.o" --specs=nano.specs -mfpu=fpv4-sp-d16 -mfloat-abi=hard -mthumb -o "Core/Src/delay.o"
arm-none-eabi-gcc "../Core/Src/stm32f4xx_it.c" -mcpu=cortex-m4 -std=gnu11 -g3 -DDEBUG -DSTM32F401xE -DNUCLEO_F401RE -DSTM32 -DSTM32F401RETx -DSTM32F4 -c -I"D:/TRABAJO/UMAKER/CURSOS/ARM - NUCLEO/STM32-Octubre/EXTI/Drivers/CMSIS/Device/ST/STM32F4xx/Include" -I"D:/TRABAJO/UMAKER/CURSOS/ARM - NUCLEO/STM32-Octubre/EXTI/Drivers/CMSIS/Include" -I"D:/TRABAJO/UMAKER/CURSOS/ARM - NUCLEO/STM32-Octubre/EXTI/Core/Inc" -O0 -ffunction-sections -fdata-sections -Wall -fstack-usage -MMD -MP -MF"Core/Src/stm32f4xx_it.d" -MT"Core/Src/stm32f4xx_it.o" --specs=nano.specs -mfpu=fpv4-sp-d16 -mfloat-abi=hard -mthumb -o "Core/Src/stm32f4xx_it.o"
arm-none-eabi-gcc "../Core/Src/syscalls.c" -mcpu=cortex-m4 -std=gnu11 -g3 -DDEBUG -DSTM32F401xE -DNUCLEO_F401RE -DSTM32 -DSTM32F401RETx -DSTM32F4 -c -I"D:/TRABAJO/UMAKER/CURSOS/ARM - NUCLEO/STM32-Octubre/EXTI/Drivers/CMSIS/Device/ST/STM32F4xx/Include" -I"D:/TRABAJO/UMAKER/CURSOS/ARM - NUCLEO/STM32-Octubre/EXTI/Drivers/CMSIS/Include" -I"D:/TRABAJO/UMAKER/CURSOS/ARM - NUCLEO/STM32-Octubre/EXTI/Core/Inc" -O0 -ffunction-sections -fdata-sections -Wall -fstack-usage -MMD -MP -MF"Core/Src/syscalls.d" -MT"Core/Src/syscalls.o" --specs=nano.specs -mfpu=fpv4-sp-d16 -mfloat-abi=hard -mthumb -o "Core/Src/syscalls.o"
arm-none-eabi-gcc "../Core/Src/sysmem.c" -mcpu=cortex-m4 -std=gnu11 -g3 -DDEBUG -DSTM32F401xE -DNUCLEO_F401RE -DSTM32 -DSTM32F401RETx -DSTM32F4 -c -I"D:/TRABAJO/UMAKER/CURSOS/ARM - NUCLEO/STM32-Octubre/EXTI/Drivers/CMSIS/Device/ST/STM32F4xx/Include" -I"D:/TRABAJO/UMAKER/CURSOS/ARM - NUCLEO/STM32-Octubre/EXTI/Drivers/CMSIS/Include" -I"D:/TRABAJO/UMAKER/CURSOS/ARM - NUCLEO/STM32-Octubre/EXTI/Core/Inc" -O0 -ffunction-sections -fdata-sections -Wall -fstack-usage -MMD -MP -MF"Core/Src/sysmem.d" -MT"Core/Src/sysmem.o" --specs=nano.specs -mfpu=fpv4-sp-d16 -mfloat-abi=hard -mthumb -o "Core/Src/sysmem.o"
arm-none-eabi-gcc "../Core/Src/system_stm32f4xx.c" -mcpu=cortex-m4 -std=gnu11 -g3 -DDEBUG -DSTM32F401xE -DNUCLEO_F401RE -DSTM32 -DSTM32F401RETx -DSTM32F4 -c -I"D:/TRABAJO/UMAKER/CURSOS/ARM - NUCLEO/STM32-Octubre/EXTI/Drivers/CMSIS/Device/ST/STM32F4xx/Include" -I"D:/TRABAJO/UMAKER/CURSOS/ARM - NUCLEO/STM32-Octubre/EXTI/Drivers/CMSIS/Include" -I"D:/TRABAJO/UMAKER/CURSOS/ARM - NUCLEO/STM32-Octubre/EXTI/Core/Inc" -O0 -ffunction-sections -fdata-sections -Wall -fstack-usage -MMD -MP -MF"Core/Src/system_stm32f4xx.d" -MT"Core/Src/system_stm32f4xx.o" --specs=nano.specs -mfpu=fpv4-sp-d16 -mfloat-abi=hard -mthumb -o "Core/Src/system_stm32f4xx.o"
arm-none-eabi-gcc "../Core/Src/test.c" -mcpu=cortex-m4 -std=gnu11 -g3 -DDEBUG -DSTM32F401xE -DNUCLEO_F401RE -DSTM32 -DSTM32F401RETx -DSTM32F4 -c -I"D:/TRABAJO/UMAKER/CURSOS/ARM - NUCLEO/STM32-Octubre/EXTI/Drivers/CMSIS/Device/ST/STM32F4xx/Include" -I"D:/TRABAJO/UMAKER/CURSOS/ARM - NUCLEO/STM32-Octubre/EXTI/Drivers/CMSIS/Include" -I"D:/TRABAJO/UMAKER/CURSOS/ARM - NUCLEO/STM32-Octubre/EXTI/Core/Inc" -O0 -ffunction-sections -fdata-sections -Wall -fstack-usage -MMD -MP -MF"Core/Src/test.d" -MT"Core/Src/test.o" --specs=nano.specs -mfpu=fpv4-sp-d16 -mfloat-abi=hard -mthumb -o "Core/Src/test.o"
arm-none-eabi-gcc -o "EXTI.elf" @"objects.list"   -mcpu=cortex-m4 -T"D:\TRABAJO\UMAKER\CURSOS\ARM - NUCLEO\STM32-Octubre\EXTI\STM32F401RETX_FLASH.ld" --specs=nosys.specs -Wl,-Map="EXTI.map" -Wl,--gc-sections -static --specs=nano.specs -mfpu=fpv4-sp-d16 -mfloat-abi=hard -mthumb -u _printf_float -u _scanf_float -Wl,--start-group -lc -lm -Wl,--end-group
Finished building target: EXTI.elf
 
arm-none-eabi-size   EXTI.elf 
arm-none-eabi-objdump -h -S  EXTI.elf  > "EXTI.list"
   text	   data	    bss	    dec	    hex	filename
  26200	    480	   1600	  28280	   6e78	EXTI.elf
Finished building: default.size.stdout
 
Finished building: EXTI.list
 

21:56:59 Build Finished. 0 errors, 0 warnings. (took 1s.649ms)

