21:21:24 **** Incremental Build of configuration Debug for project GPIO_1 ****
make -j8 all 
arm-none-eabi-gcc "../Core/Src/main.c" -mcpu=cortex-m4 -std=gnu11 -g3 -DSTM32F407xx -DDEBUG -DSTM32 -DSTM32F4 -DSTM32F407VGTx -c -I"D:/TRABAJO/UMAKER/CURSOS/ARM - NUCLEO/STM32-Octubre/GPIO_1/Core/Inc" -I"D:/TRABAJO/UMAKER/CURSOS/ARM - NUCLEO/STM32-Octubre/GPIO_1/Drivers/CMSIS/Device/ST/STM32F4xx/Include" -I"D:/TRABAJO/UMAKER/CURSOS/ARM - NUCLEO/STM32-Octubre/GPIO_1/Drivers/CMSIS/Include" -O0 -ffunction-sections -fdata-sections -Wall -fstack-usage -MMD -MP -MF"Core/Src/main.d" -MT"Core/Src/main.o" --specs=nano.specs -mfpu=fpv4-sp-d16 -mfloat-abi=hard -mthumb -o "Core/Src/main.o"
arm-none-eabi-gcc -o "GPIO_1.elf" @"objects.list"   -mcpu=cortex-m4 -T"D:\TRABAJO\UMAKER\CURSOS\ARM - NUCLEO\STM32-Octubre\GPIO_1\STM32F407VGTX_FLASH.ld" --specs=nosys.specs -Wl,-Map="GPIO_1.map" -Wl,--gc-sections -static --specs=nano.specs -mfpu=fpv4-sp-d16 -mfloat-abi=hard -mthumb -Wl,--start-group -lc -lm -Wl,--end-group
Finished building target: GPIO_1.elf
 
arm-none-eabi-size   GPIO_1.elf 
arm-none-eabi-objdump -h -S  GPIO_1.elf  > "GPIO_1.list"
   text	   data	    bss	    dec	    hex	filename
   7236	    112	   1584	   8932	   22e4	GPIO_1.elf
Finished building: default.size.stdout
 
Finished building: GPIO_1.list
 
